// Jest Snapshot v1, https://goo.gl/fbAQLP

exports[`Actions component Should render the component with the english locale 1`] = `
<View>
  <View
    style={
      Object {
        "alignItems": "center",
        "margin": 5,
      }
    }
  >
    <Text
      accessible={true}
      allowFontScaling={true}
      ellipsizeMode="tail"
      style={
        Object {
          "fontWeight": "bold",
        }
      }
    >
      Actions
    </Text>
  </View>
  <View
    style={
      Object {
        "flexDirection": "row",
      }
    }
  >
    <View
      style={
        Object {
          "flex": 1,
          "margin": 5,
        }
      }
    >
      <View
        accessibilityComponentType="button"
        accessibilityTraits={
          Array [
            "button",
          ]
        }
        accessible={true}
        isTVSelectable={true}
        onResponderGrant={[Function]}
        onResponderMove={[Function]}
        onResponderRelease={[Function]}
        onResponderTerminate={[Function]}
        onResponderTerminationRequest={[Function]}
        onStartShouldSetResponder={[Function]}
        style={
          Object {
            "opacity": 1,
          }
        }
      >
        <View
          style={
            Array [
              Object {},
            ]
          }
        >
          <Text
            accessible={true}
            allowFontScaling={true}
            ellipsizeMode="tail"
            style={
              Array [
                Object {
                  "color": "#007AFF",
                  "fontSize": 18,
                  "padding": 8,
                  "textAlign": "center",
                },
              ]
            }
          >
            Shuffle
          </Text>
        </View>
      </View>
    </View>
    <View
      style={
        Object {
          "flex": 1,
          "margin": 5,
        }
      }
    >
      <View
        accessibilityComponentType="button"
        accessibilityTraits={
          Array [
            "button",
            "disabled",
          ]
        }
        accessible={true}
        isTVSelectable={true}
        onResponderGrant={[Function]}
        onResponderMove={[Function]}
        onResponderRelease={[Function]}
        onResponderTerminate={[Function]}
        onResponderTerminationRequest={[Function]}
        onStartShouldSetResponder={[Function]}
        style={
          Object {
            "opacity": 1,
          }
        }
      >
        <View
          style={
            Array [
              Object {},
              Object {},
            ]
          }
        >
          <Text
            accessible={true}
            allowFontScaling={true}
            disabled={true}
            ellipsizeMode="tail"
            style={
              Array [
                Object {
                  "color": "#007AFF",
                  "fontSize": 18,
                  "padding": 8,
                  "textAlign": "center",
                },
                Object {
                  "color": "#cdcdcd",
                },
              ]
            }
          >
            Unshuffle
          </Text>
        </View>
      </View>
    </View>
  </View>
  <View
    style={
      Object {
        "flexDirection": "row",
      }
    }
  >
    <View
      style={
        Object {
          "flex": 1,
          "margin": 5,
        }
      }
    >
      <View
        accessibilityComponentType="button"
        accessibilityTraits={
          Array [
            "button",
            "disabled",
          ]
        }
        accessible={true}
        isTVSelectable={true}
        onResponderGrant={[Function]}
        onResponderMove={[Function]}
        onResponderRelease={[Function]}
        onResponderTerminate={[Function]}
        onResponderTerminationRequest={[Function]}
        onStartShouldSetResponder={[Function]}
        style={
          Object {
            "opacity": 1,
          }
        }
      >
        <View
          style={
            Array [
              Object {},
              Object {},
            ]
          }
        >
          <Text
            accessible={true}
            allowFontScaling={true}
            disabled={true}
            ellipsizeMode="tail"
            style={
              Array [
                Object {
                  "color": "#007AFF",
                  "fontSize": 18,
                  "padding": 8,
                  "textAlign": "center",
                },
                Object {
                  "color": "#cdcdcd",
                },
              ]
            }
          >
            Hide left
          </Text>
        </View>
      </View>
    </View>
    <View
      style={
        Object {
          "flex": 1,
          "margin": 5,
        }
      }
    >
      <View
        accessibilityComponentType="button"
        accessibilityTraits={
          Array [
            "button",
            "disabled",
          ]
        }
        accessible={true}
        isTVSelectable={true}
        onResponderGrant={[Function]}
        onResponderMove={[Function]}
        onResponderRelease={[Function]}
        onResponderTerminate={[Function]}
        onResponderTerminationRequest={[Function]}
        onStartShouldSetResponder={[Function]}
        style={
          Object {
            "opacity": 1,
          }
        }
      >
        <View
          style={
            Array [
              Object {},
              Object {},
            ]
          }
        >
          <Text
            accessible={true}
            allowFontScaling={true}
            disabled={true}
            ellipsizeMode="tail"
            style={
              Array [
                Object {
                  "color": "#007AFF",
                  "fontSize": 18,
                  "padding": 8,
                  "textAlign": "center",
                },
                Object {
                  "color": "#cdcdcd",
                },
              ]
            }
          >
            Hide right
          </Text>
        </View>
      </View>
    </View>
    <View
      style={
        Object {
          "flex": 1,
          "margin": 5,
        }
      }
    >
      <View
        accessibilityComponentType="button"
        accessibilityTraits={
          Array [
            "button",
            "disabled",
          ]
        }
        accessible={true}
        isTVSelectable={true}
        onResponderGrant={[Function]}
        onResponderMove={[Function]}
        onResponderRelease={[Function]}
        onResponderTerminate={[Function]}
        onResponderTerminationRequest={[Function]}
        onStartShouldSetResponder={[Function]}
        style={
          Object {
            "opacity": 1,
          }
        }
      >
        <View
          style={
            Array [
              Object {},
              Object {},
            ]
          }
        >
          <Text
            accessible={true}
            allowFontScaling={true}
            disabled={true}
            ellipsizeMode="tail"
            style={
              Array [
                Object {
                  "color": "#007AFF",
                  "fontSize": 18,
                  "padding": 8,
                  "textAlign": "center",
                },
                Object {
                  "color": "#cdcdcd",
                },
              ]
            }
          >
            Display all
          </Text>
        </View>
      </View>
    </View>
  </View>
  <View
    style={
      Object {
        "alignItems": "center",
        "backgroundColor": "#fff",
        "flexDirection": "row",
        "justifyContent": "center",
      }
    }
  >
    <Text
      accessible={true}
      allowFontScaling={true}
      ellipsizeMode="tail"
      style={
        Object {
          "color": "#929292",
          "fontSize": 16,
        }
      }
    >
      Filter by
      :
    </Text>
    <View
      style={
        Object {
          "height": 40,
          "paddingLeft": 20,
          "width": 200,
        }
      }
    >
      <RCTPicker
        items={
          Array [
            Object {
              "label": "No tag selected",
              "textColor": undefined,
              "value": null,
            },
          ]
        }
        onChange={[Function]}
        onResponderTerminationRequest={[Function]}
        onStartShouldSetResponder={[Function]}
        selectedIndex={0}
        style={
          Array [
            Object {
              "height": 216,
            },
            undefined,
          ]
        }
      />
    </View>
  </View>
  <View
    style={
      Array [
        Object {
          "backgroundColor": "#393e42",
          "borderBottomColor": "#000",
          "borderBottomWidth": 1,
          "borderTopColor": "#000",
          "borderTopWidth": 1,
        },
        Object {
          "backgroundColor": "#e1e8ee",
          "borderBottomColor": "#e1e1e1",
          "borderTopColor": "#e1e1e1",
        },
        Object {
          "backgroundColor": "transparent",
          "borderBottomColor": "transparent",
          "borderTopColor": "transparent",
        },
      ]
    }
  >
    <TextInput
      allowFontScaling={true}
      onChangeText={[Function]}
      onClearText={[Function]}
      placeholder="Look for translations"
      placeholderTextColor="#86939e"
      style={
        Array [
          Object {
            "backgroundColor": "#303337",
            "borderRadius": 3,
            "color": "#86939e",
            "fontSize": 17.5,
            "height": 30,
            "margin": 8,
            "overflow": "hidden",
            "paddingLeft": 26,
            "paddingRight": 19,
          },
          Object {
            "backgroundColor": "#bdc6cf",
          },
          false,
          false,
          Object {
            "backgroundColor": "white",
            "borderColor": "#ddd",
            "borderWidth": 1,
            "marginLeft": 5,
            "marginRight": 5,
            "paddingLeft": 30,
          },
          false,
          Object {
            "paddingRight": 30,
          },
        ]
      }
      underlineColorAndroid="transparent"
    />
    <Text
      accessible={true}
      allowFontScaling={false}
      ellipsizeMode="tail"
      style={
        Array [
          Object {
            "color": "#86939e",
            "fontSize": 16,
          },
          Array [
            Object {
              "backgroundColor": "transparent",
              "position": "absolute",
              "top": 15.5,
            },
            Object {
              "left": 16,
            },
            undefined,
          ],
          Object {
            "fontFamily": "Material Icons",
            "fontStyle": "normal",
            "fontWeight": "normal",
          },
        ]
      }
    >
      
    </Text>
    <Text
      accessible={true}
      allowFontScaling={false}
      ellipsizeMode="tail"
      onPress={[Function]}
      style={
        Array [
          Object {
            "color": "#86939e",
            "fontSize": 16,
          },
          Array [
            Object {
              "backgroundColor": "transparent",
              "position": "absolute",
              "top": 15.5,
            },
            Object {
              "right": 16,
            },
            undefined,
          ],
          Object {
            "fontFamily": "Material Icons",
            "fontStyle": "normal",
            "fontWeight": "normal",
          },
        ]
      }
    >
      
    </Text>
  </View>
</View>
`;
